# serializer version: 1
# name: test_reset
  StateSnapshot({
    'attributes': ReadOnlyDict({
      'friendly_name': 'My Periodic Min Max',
      'icon': 'mdi:calculator',
      'last_modified': '2026-07-01 12:00:00+00:00',
      'state_class': <SensorStateClass.MEASUREMENT: 'measurement'>,
    }),
    'context': <ANY>,
    'entity_id': 'sensor.my_periodic_min_max',
    'last_changed': <ANY>,
    'last_reported': <ANY>,
    'last_updated': <ANY>,
    'state': '12.0',
  })
# ---
